Before removeAtIndex: 9.62, -7.86, 8.37
 After removeAtIndex: 9.62, 8.37
Expected amount of memory used
