checkSpace: Expected memory allocated
checkSpace: Expected memory allocated
isEmpty? TRUE
isStack? TRUE
