3, 5, 1, 4, 7, 8, 8
Expected amount of memory used
