54, -39, -78, 26, 82, 22, 90, -15
Expected amount of memory used
