31, 85, 77, 22, -99
Expected amount of memory used
