Lorem ipsum dolor sit amet, consectetur adipiscing elit. Nam vel tortor nibh. Mauris adipiscing feugiat venenatis. Ut volutpat tincidunt porttitor. Suspendisse ut laoreet enim. Cras nibh metus, pellentesque ac condimentum nec, rutrum in risus. Nunc sodales, dui eget aliquet pulvinar, libero nibh sodales erat, eu tristique elit orci ut augue. Sed eget magna diam. Etiam condimentum laoreet sem vitae lobortis. Integer fringilla justo at sapien hendrerit auctor. Pellentesque et turpis risus. Vivamus non magna tellus. Nam sed mauris ac magna ultrices mollis. Suspendisse vel justo diam, at mattis mi.

Sed arcu arcu, lacinia eu mollis vel, mattis eu ligula. Integer nec lectus vitae est porttitor bibendum. Proin eu eros lorem, at placerat nulla. In venenatis, nunc venenatis laoreet vehicula, enim felis elementum quam, ac hendrerit neque nunc ac sapien. Cras sapien est, imperdiet ut bibendum cursus, ornare nec nibh. Aliquam accumsan venenatis elit id egestas. Sed at elit arcu, a hendrerit nisi. Praesent bibendum facilisis odio a rutrum.

Mauris id felis eget nunc adipiscing posuere. Aliquam erat volutpat. Vivamus in dictum magna. Aenean dictum sollicitudin sapien, eget viverra mi mattis molestie. Integer dictum lorem quis ligula tincidunt bibendum. Nullam mauris urna, sodales at dictum vel, rutrum sit amet lacus. In ut massa ipsum, sit amet porta sapien. Vestibulum ante ipsum primis in faucibus orci luctus et ultrices posuere cubilia Curae;

Nullam porttitor tincidunt ligula at fringilla. Aliquam risus purus, vulputate eget suscipit id, feugiat ac felis. Ut sollicitudin congue adipiscing. Vestibulum tincidunt eleifend felis, fringilla iaculis nibh varius sed. Suspendisse at massa orci, vel pulvinar elit. Aenean vehicula mollis lacus, sed semper libero faucibus vel. Vestibulum posuere facilisis nulla et faucibus.

Sed ut est et ante vestibulum gravida. Quisque sem lectus, consequat nec rutrum nec, volutpat et tortor. Cras enim diam, accumsan eget suscipit quis, pharetra venenatis magna. Sed quis fermentum tortor. Class aptent taciti sociosqu ad litora torquent per conubia nostra, per inceptos himenaeos. Etiam tortor magna, semper ut scelerisque non, accumsan eu dolor. Fusce dui velit, posuere commodo vulputate tristique, sagittis quis ipsum. Quisque sed metus felis. In hac habitasse platea dictumst. Morbi vitae fermentum libero. Sed tincidunt ornare pretium. Curabitur scelerisque adipiscing sodales. Nulla pellentesque velit ac nibh tempor scelerisque. Pellentesque at enim quis arcu varius tincidunt nec nec ipsum. Duis sollicitudin convallis aliquet.

Lorem ipsum dolor sit amet, consectetur adipiscing elit. Nam vel tortor nibh. Mauris adipiscing feugiat venenatis. Ut volutpat tincidunt porttitor. Suspendisse ut laoreet enim. Cras nibh metus, pellentesque ac condimentum nec, rutrum in risus. Nunc sodales, dui eget aliquet pulvinar, libero nibh sodales erat, eu tristique elit orci ut augue. Sed eget magna diam. Etiam condimentum laoreet sem vitae lobortis. Integer fringilla justo at sapien hendrerit auctor. Pellentesque et turpis risus. Vivamus non magna tellus. Nam sed mauris ac magna ultrices mollis. Suspendisse vel justo diam, at mattis mi.

Sed arcu arcu, lacinia eu mollis vel, mattis eu ligula. Integer nec lectus vitae est porttitor bibendum. Proin eu eros lorem, at placerat nulla. In venenatis, nunc venenatis laoreet vehicula, enim felis elementum quam, ac hendrerit neque nunc ac sapien. Cras sapien est, imperdiet ut bibendum cursus, ornare nec nibh. Aliquam accumsan venenatis elit id egestas. Sed at elit arcu, a hendrerit nisi. Praesent bibendum facilisis odio a rutrum.

Mauris id felis eget nunc adipiscing posuere. Aliquam erat volutpat. Vivamus in dictum magna. Aenean dictum sollicitudin sapien, eget viverra mi mattis molestie. Integer dictum lorem quis ligula tincidunt bibendum. Nullam mauris urna, sodales at dictum vel, rutrum sit amet lacus. In ut massa ipsum, sit amet porta sapien. Vestibulum ante ipsum primis in faucibus orci luctus et ultrices posuere cubilia Curae;

Nullam porttitor tincidunt ligula at fringilla. Aliquam risus purus, vulputate eget suscipit id, feugiat ac felis. Ut sollicitudin congue adipiscing. Vestibulum tincidunt eleifend felis, fringilla iaculis nibh varius sed. Suspendisse at massa orci, vel pulvinar elit. Aenean vehicula mollis lacus, sed semper libero faucibus vel. Vestibulum posuere facilisis nulla et faucibus.

Sed ut est et ante vestibulum gravida. Quisque sem lectus, consequat nec rutrum nec, volutpat et tortor. Cras enim diam, accumsan eget suscipit quis, pharetra venenatis magna. Sed quis fermentum tortor. Class aptent taciti sociosqu ad litora torquent per conubia nostra, per inceptos himenaeos. Etiam tortor magna, semper ut scelerisque non, accumsan eu dolor. Fusce dui velit, posuere commodo vulputate tristique, sagittis quis ipsum. Quisque sed metus felis. In hac habitasse platea dictumst. Morbi vitae fermentum libero. Sed tincidunt ornare pretium. Curabitur scelerisque adipiscing sodales. Nulla pellentesque velit ac nibh tempor scelerisque. Pellentesque at enim quis arcu varius tincidunt nec nec ipsum. Duis sollicitudin convallis aliquet.
