List 1: 9.62
Expected amount of memory used
List 2: -7.86, 9.62
Expected amount of memory used
List 3: 8.37, -7.86, 9.62
Expected amount of memory used
